[db-init] INFO com.cafepos.db.DatabaseManager - Initialisation DB: C:\Users\adjao\AppData\Roaming\CafePOS\data\cafepos.db
[db-init] ERROR org.sqlite.SQLiteJDBCLoader - Failed to delete old native lib
java.nio.file.AccessDeniedException: C:\Users\adjao\AppData\Local\Temp\sqlite-3.45.1.0-404a1338-9071-45db-9cd0-d18fede869da-sqlitejdbc.dll
	at java.base/sun.nio.fs.WindowsException.translateToIOException(Unknown Source)
	at java.base/sun.nio.fs.WindowsException.rethrowAsIOException(Unknown Source)
	at java.base/sun.nio.fs.WindowsException.rethrowAsIOException(Unknown Source)
	at java.base/sun.nio.fs.WindowsFileSystemProvider.implDelete(Unknown Source)
	at java.base/sun.nio.fs.AbstractFileSystemProvider.delete(Unknown Source)
	at java.base/java.nio.file.Files.delete(Unknown Source)
	at org.sqlite.SQLiteJDBCLoader.lambda$cleanup$1(SQLiteJDBCLoader.java:102)
	at java.base/java.util.stream.ForEachOps$ForEachOp$OfRef.accept(Unknown Source)
	at java.base/java.util.stream.ReferencePipeline$2$1.accept(Unknown Source)
	at java.base/java.util.Iterator.forEachRemaining(Unknown Source)
	at java.base/java.util.Spliterators$IteratorSpliterator.forEachRemaining(Unknown Source)
	at java.base/java.util.stream.AbstractPipeline.copyInto(Unknown Source)
	at java.base/java.util.stream.AbstractPipeline.wrapAndCopyInto(Unknown Source)
	at java.base/java.util.stream.ForEachOps$ForEachOp.evaluateSequential(Unknown Source)
	at java.base/java.util.stream.ForEachOps$ForEachOp$OfRef.evaluateSequential(Unknown Source)
	at java.base/java.util.stream.AbstractPipeline.evaluate(Unknown Source)
	at java.base/java.util.stream.ReferencePipeline.forEach(Unknown Source)
	at org.sqlite.SQLiteJDBCLoader.cleanup(SQLiteJDBCLoader.java:97)
	at org.sqlite.SQLiteJDBCLoader.initialize(SQLiteJDBCLoader.java:73)
	at org.sqlite.core.NativeDB.load(NativeDB.java:69)
	at org.sqlite.SQLiteConnection.open(SQLiteConnection.java:280)
	at org.sqlite.SQLiteConnection.<init>(SQLiteConnection.java:67)
	at org.sqlite.jdbc3.JDBC3Connection.<init>(JDBC3Connection.java:28)
	at org.sqlite.jdbc4.JDBC4Connection.<init>(JDBC4Connection.java:19)
	at org.sqlite.JDBC.createConnection(JDBC.java:106)
	at org.sqlite.JDBC.connect(JDBC.java:79)
	at java.sql/java.sql.DriverManager.getConnection(Unknown Source)
	at java.sql/java.sql.DriverManager.getConnection(Unknown Source)
	at com.cafepos.db.DatabaseManager.initialize(DatabaseManager.java:42)
	at com.cafepos.MainApp$1.call(MainApp.java:63)
	at com.cafepos.MainApp$1.call(MainApp.java:55)
	at javafx.graphics@21.0.5/javafx.concurrent.Task$TaskCallable.call(Task.java:1399)
	at java.base/java.util.concurrent.FutureTask.run(Unknown Source)
	at java.base/java.lang.Thread.run(Unknown Source)
