[INFO] Scanning for projects...
[INFO] 
[INFO] ------------------------< com.cafepos:cafe-pos >------------------------
[INFO] Building cafe-pos 0.1.0
[INFO]   from pom.xml
[INFO] --------------------------------[ jar ]---------------------------------
[INFO] 
[INFO] --- clean:3.2.0:clean (default-clean) @ cafe-pos ---
[INFO] Deleting C:\Users\adjao\Bureau\desktop_POS\target
[INFO] 
[INFO] --- resources:3.4.0:resources (default-resources) @ cafe-pos ---
[INFO] Copying 19 resources from src\main\resources to target\classes
[INFO] 
[INFO] --- compiler:3.11.0:compile (default-compile) @ cafe-pos ---
[INFO] Changes detected - recompiling the module! :source
[INFO] Compiling 83 source files with javac [debug release 17 module-path] to target\classes
[INFO] ------------------------------------------------------------------------
[INFO] BUILD SUCCESS
[INFO] ------------------------------------------------------------------------
[INFO] Total time:  25.046 s
[INFO] Finished at: 2026-06-02T00:05:39+01:00
[INFO] ------------------------------------------------------------------------
