#
# There is insufficient memory for the Java Runtime Environment to continue.
# Native memory allocation (malloc) failed to allocate 1048576 bytes. Error detail: AllocateHeap
# Possible reasons:
#   The system is out of physical RAM or swap space
#   This process is running with CompressedOops enabled, and the Java Heap may be blocking the growth of the native heap
# Possible solutions:
#   Reduce memory load on the system
#   Increase physical memory or swap space
#   Check if swap backing store is full
#   Decrease Java heap size (-Xmx/-Xms)
#   Decrease number of Java threads
#   Decrease Java thread stack sizes (-Xss)
#   Set larger code cache with -XX:ReservedCodeCacheSize=
#   JVM is running with Unscaled Compressed Oops mode in which the Java heap is
#     placed in the first 4GB address space. The Java Heap base address is the
#     maximum limit for the native heap growth. Please use -XX:HeapBaseMinAddress
#     to set the Java Heap base and to place the Java Heap above 4GB virtual address.
# This output file may be truncated or incomplete.
#
#  Out of Memory Error (allocation.cpp:44), pid=32264, tid=66796
#
# JRE version: OpenJDK Runtime Environment Temurin-21.0.10+7 (21.0.10+7) (build 21.0.10+7-LTS)
# Java VM: OpenJDK 64-Bit Server VM Temurin-21.0.10+7 (21.0.10+7-LTS, mixed mode, sharing, tiered, compressed oops, compressed class ptrs, parallel gc, windows-amd64)
# No core dump will be written. Minidumps are not enabled by default on client versions of Windows
#

---------------  S U M M A R Y ------------

Command Line: --add-modules=ALL-SYSTEM --add-opens=java.base/java.util=ALL-UNNAMED --add-opens=java.base/java.lang=ALL-UNNAMED --add-opens=java.base/sun.nio.fs=ALL-UNNAMED -Declipse.application=org.eclipse.jdt.ls.core.id1 -Dosgi.bundles.defaultStartLevel=4 -Declipse.product=org.eclipse.jdt.ls.core.product -Djava.import.generatesMetadataFilesAtProjectRoot=false -DDetectVMInstallationsJob.disabled=true -Dfile.encoding=utf8 -XX:+UseParallelGC -XX:GCTimeRatio=4 -XX:AdaptiveSizePolicyWeight=90 -Dsun.zip.disableMemoryMapping=true -Xmx2G -Xms100m -Xlog:disable -javaagent:c:\Users\adjao\.vscode\extensions\redhat.java-1.54.0-win32-x64\lombok\lombok-1.18.39-4050.jar -XX:+HeapDumpOnOutOfMemoryError -XX:HeapDumpPath=c:\Users\adjao\AppData\Roaming\Code\User\workspaceStorage\3e0c9c44dd191739877dca8f5e5f0b82\redhat.java -Daether.dependencyCollector.impl=bf c:\Users\adjao\.vscode\extensions\redhat.java-1.54.0-win32-x64\server\plugins\org.eclipse.equinox.launcher_1.7.100.v20251111-0406.jar -configuration c:\Users\adjao\AppData\Roaming\Code\User\globalStorage\redhat.java\1.54.0\config_win -data c:\Users\adjao\AppData\Roaming\Code\User\workspaceStorage\3e0c9c44dd191739877dca8f5e5f0b82\redhat.java\jdt_ws --pipe=\\.\pipe\lsp-d37c59015382adf713a640e74813a9d7-sock

Host: Intel(R) Core(TM) i5-8350U CPU @ 1.70GHz, 8 cores, 15G,  Windows 11 , 64 bit Build 26100 (10.0.26100.8328)
Time: Thu May 28 22:17:09 2026 W. Central Africa Standard Time elapsed time: 471.948955 seconds (0d 0h 7m 51s)

---------------  T H R E A D  ---------------

Current thread (0x000001bfedf5ad30):  JavaThread "Attach Listener" daemon [_thread_in_vm, id=66796, stack(0x0000001e16d00000,0x0000001e16e00000) (1024K)]

Stack: [0x0000001e16d00000,0x0000001e16e00000]
Native frames: (J=compiled Java code, j=interpreted, Vv=VM code, C=native code)
V  [jvm.dll+0x6d7a39]
V  [jvm.dll+0x8b4b26]
V  [jvm.dll+0x8b70de]
V  [jvm.dll+0x8b77c3]
V  [jvm.dll+0x284346]
V  [jvm.dll+0xc1277]
V  [jvm.dll+0x6d82e9]
V  [jvm.dll+0x1334a6]
V  [jvm.dll+0x3f857e]
V  [jvm.dll+0x85f59d]
V  [jvm.dll+0x6d626d]
C  [ucrtbase.dll+0x37b0]
C  [KERNEL32.DLL+0x2e957]
C  [ntdll.dll+0x427c]


---------------  P R O C E S S  ---------------

Threads class SMR info:
_java_thread_list=0x000001bfff0e6e70, length=42, elements={
0x000001bfedfdf3a0, 0x000001bfee09d280, 0x000001bfedf54770, 0x000001bfedf582c0,
0x000001bfedf5ad30, 0x000001bfedf5da20, 0x000001bfedf5e480, 0x000001bfedf5f2c0,
0x000001bff7220060, 0x000001bff73e9810, 0x000001bff7555080, 0x000001bff7ded0d0,
0x000001bff7be4450, 0x000001bff726c910, 0x000001bff7272d20, 0x000001bff77270f0,
0x000001bffc2c0530, 0x000001bffc137030, 0x000001bff76c1440, 0x000001bff76c0720,
0x000001bff76c2160, 0x000001bff76c3ba0, 0x000001bffde2c4f0, 0x000001bffde2b7d0,
0x000001bffde2a420, 0x000001bffde2aab0, 0x000001bffde29d90, 0x000001bffde2be60,
0x000001bffde2b140, 0x000001bffde2cb80, 0x000001bffde29700, 0x000001bffcb90110,
0x000001bffcb8e6d0, 0x000001bffcb8d9b0, 0x000001bffcb907a0, 0x000001bffcb90e30,
0x000001bfff5a58f0, 0x000001bfff5a7330, 0x000001bfd0840100, 0x000001bfd0840e20,
0x000001bfff5a4bd0, 0x000001bfff5a5260
}

Java Threads: ( => current thread )
  0x000001bfedfdf3a0 JavaThread "main"                              [_thread_blocked, id=41500, stack(0x0000001e16600000,0x0000001e16700000) (1024K)]
  0x000001bfee09d280 JavaThread "Reference Handler"          daemon [_thread_blocked, id=18244, stack(0x0000001e16a00000,0x0000001e16b00000) (1024K)]
  0x000001bfedf54770 JavaThread "Finalizer"                  daemon [_thread_blocked, id=26604, stack(0x0000001e16b00000,0x0000001e16c00000) (1024K)]
  0x000001bfedf582c0 JavaThread "Signal Dispatcher"          daemon [_thread_blocked, id=42348, stack(0x0000001e16c00000,0x0000001e16d00000) (1024K)]
=>0x000001bfedf5ad30 JavaThread "Attach Listener"            daemon [_thread_in_vm, id=66796, stack(0x0000001e16d00000,0x0000001e16e00000) (1024K)]
  0x000001bfedf5da20 JavaThread "Service Thread"             daemon [_thread_blocked, id=63680, stack(0x0000001e16e00000,0x0000001e16f00000) (1024K)]
  0x000001bfedf5e480 JavaThread "Monitor Deflation Thread"   daemon [_thread_blocked, id=70320, stack(0x0000001e16f00000,0x0000001e17000000) (1024K)]
  0x000001bfedf5f2c0 JavaThread "C2 CompilerThread0"         daemon [_thread_blocked, id=33324, stack(0x0000001e17000000,0x0000001e17100000) (1024K)]
  0x000001bff7220060 JavaThread "C1 CompilerThread0"         daemon [_thread_blocked, id=70492, stack(0x0000001e17100000,0x0000001e17200000) (1024K)]
  0x000001bff73e9810 JavaThread "Common-Cleaner"             daemon [_thread_blocked, id=43888, stack(0x0000001e17200000,0x0000001e17300000) (1024K)]
  0x000001bff7555080 JavaThread "Notification Thread"        daemon [_thread_blocked, id=16804, stack(0x0000001e17300000,0x0000001e17400000) (1024K)]
  0x000001bff7ded0d0 JavaThread "Active Thread: Equinox Container: 5013788d-b7d1-45c5-9d2f-ae19178a52a7"        [_thread_blocked, id=39732, stack(0x0000001e17400000,0x0000001e17500000) (1024K)]
  0x000001bff7be4450 JavaThread "Refresh Thread: Equinox Container: 5013788d-b7d1-45c5-9d2f-ae19178a52a7" daemon [_thread_blocked, id=59808, stack(0x0000001e17c00000,0x0000001e17d00000) (1024K)]
  0x000001bff726c910 JavaThread "Framework Event Dispatcher: Equinox Container: 5013788d-b7d1-45c5-9d2f-ae19178a52a7" daemon [_thread_blocked, id=78052, stack(0x0000001e17d00000,0x0000001e17e00000) (1024K)]
  0x000001bff7272d20 JavaThread "Start Level: Equinox Container: 5013788d-b7d1-45c5-9d2f-ae19178a52a7" daemon [_thread_blocked, id=56356, stack(0x0000001e17e00000,0x0000001e17f00000) (1024K)]
  0x000001bff77270f0 JavaThread "Bundle File Closer"         daemon [_thread_blocked, id=73512, stack(0x0000001e18100000,0x0000001e18200000) (1024K)]
  0x000001bffc2c0530 JavaThread "SCR Component Actor"        daemon [_thread_blocked, id=44792, stack(0x0000001e16300000,0x0000001e16400000) (1024K)]
  0x000001bffc137030 JavaThread "Worker-JM"                         [_thread_blocked, id=49600, stack(0x0000001e18000000,0x0000001e18100000) (1024K)]
  0x000001bff76c1440 JavaThread "JNA Cleaner"                daemon [_thread_blocked, id=14312, stack(0x0000001e17f00000,0x0000001e18000000) (1024K)]
  0x000001bff76c0720 JavaThread "Worker-0"                          [_thread_blocked, id=66872, stack(0x0000001e18200000,0x0000001e18300000) (1024K)]
  0x000001bff76c2160 JavaThread "Java indexing"              daemon [_thread_blocked, id=62424, stack(0x0000001e18500000,0x0000001e18600000) (1024K)]
  0x000001bff76c3ba0 JavaThread "Thread-1"                   daemon [_thread_in_native, id=68596, stack(0x0000001e18b00000,0x0000001e18c00000) (1024K)]
  0x000001bffde2c4f0 JavaThread "Thread-2"                   daemon [_thread_in_native, id=69724, stack(0x0000001e18c00000,0x0000001e18d00000) (1024K)]
  0x000001bffde2b7d0 JavaThread "Thread-3"                   daemon [_thread_in_native, id=65820, stack(0x0000001e18d00000,0x0000001e18e00000) (1024K)]
  0x000001bffde2a420 JavaThread "Thread-4"                   daemon [_thread_in_native, id=64444, stack(0x0000001e18e00000,0x0000001e18f00000) (1024K)]
  0x000001bffde2aab0 JavaThread "Thread-5"                   daemon [_thread_in_native, id=62140, stack(0x0000001e18f00000,0x0000001e19000000) (1024K)]
  0x000001bffde29d90 JavaThread "Thread-6"                   daemon [_thread_in_native, id=46400, stack(0x0000001e19000000,0x0000001e19100000) (1024K)]
  0x000001bffde2be60 JavaThread "Thread-7"                   daemon [_thread_in_native, id=5504, stack(0x0000001e19100000,0x0000001e19200000) (1024K)]
  0x000001bffde2b140 JavaThread "Thread-8"                   daemon [_thread_in_native, id=17556, stack(0x0000001e19200000,0x0000001e19300000) (1024K)]
  0x000001bffde2cb80 JavaThread "Thread-9"                   daemon [_thread_in_native, id=43568, stack(0x0000001e19300000,0x0000001e19400000) (1024K)]
  0x000001bffde29700 JavaThread "pool-2-thread-1"                   [_thread_blocked, id=37396, stack(0x0000001e19500000,0x0000001e19600000) (1024K)]
  0x000001bffcb90110 JavaThread "ForkJoinPool.commonPool-worker-1" daemon [_thread_blocked, id=16536, stack(0x0000001e19600000,0x0000001e19700000) (1024K)]
  0x000001bffcb8e6d0 JavaThread "WorkspaceEventsHandler"            [_thread_blocked, id=66784, stack(0x0000001e19700000,0x0000001e19800000) (1024K)]
  0x000001bffcb8d9b0 JavaThread "pool-1-thread-1"                   [_thread_blocked, id=76400, stack(0x0000001e19800000,0x0000001e19900000) (1024K)]
  0x000001bffcb907a0 JavaThread "ForkJoinPool.commonPool-worker-2" daemon [_thread_blocked, id=75176, stack(0x0000001e19900000,0x0000001e19a00000) (1024K)]
  0x000001bffcb90e30 JavaThread "ForkJoinPool.commonPool-worker-6" daemon [_thread_blocked, id=75200, stack(0x0000001e19d00000,0x0000001e19e00000) (1024K)]
  0x000001bfff5a58f0 JavaThread "LocalFile Deleter"          daemon [_thread_blocked, id=74668, stack(0x0000001e1a300000,0x0000001e1a400000) (1024K)]
  0x000001bfff5a7330 JavaThread "LocalFile Deleter"          daemon [_thread_blocked, id=69144, stack(0x0000001e1a800000,0x0000001e1a900000) (1024K)]
  0x000001bfd0840100 JavaThread "Cleaner-0"                  daemon [_thread_blocked, id=51656, stack(0x0000001e18300000,0x0000001e18400000) (1024K)]
  0x000001bfd0840e20 JavaThread "Worker-6"                          [_thread_blocked, id=60908, stack(0x0000001e18700000,0x0000001e18800000) (1024K)]
  0x000001bfff5a4bd0 JavaThread "Worker-7"                          [_thread_blocked, id=18324, stack(0x0000001e18600000,0x0000001e18700000) (1024K)]
  0x000001bfff5a5260 JavaThread "Compiler Source File Reader" daemon [_thread_blocked, id=11420, stack(0x0000001e18800000,0x0000001e18900000) (1024K)]
Total: 42

Other Threads:
  0x000001bfedf52d50 VMThread "VM Thread"                           [id=38700, stack(0x0000001e16900000,0x0000001e16a00000) (1024K)]
  0x000001bfede6ba00 WatcherThread "VM Periodic Task Thread"        [id=57332, stack(0x0000001e16800000,0x0000001e16900000) (1024K)]
  0x000001bfedffe9c0 WorkerThread "GC Thread#0"                     [id=78176, stack(0x0000001e16700000,0x0000001e16800000) (1024K)]
  0x000001bff7db5500 WorkerThread "GC Thread#1"                     [id=54432, stack(0x0000001e17500000,0x0000001e17600000) (1024K)]
  0x000001bffc091d40 WorkerThread "GC Thread#2"                     [id=33280, stack(0x0000001e17600000,0x0000001e17700000) (1024K)]
  0x000001bff7ac3140 WorkerThread "GC Thread#3"                     [id=46684, stack(0x0000001e17700000,0x0000001e17800000) (1024K)]
  0x000001bffc083860 WorkerThread "GC Thread#4"                     [id=8484, stack(0x0000001e17800000,0x0000001e17900000) (1024K)]
  0x000001bffc083c10 WorkerThread "GC Thread#5"                     [id=25220, stack(0x0000001e17900000,0x0000001e17a00000) (1024K)]
  0x000001bff7dacbc0 WorkerThread "GC Thread#6"                     [id=36764, stack(0x0000001e17a00000,0x0000001e17b00000) (1024K)]
  0x000001bfedf62510 WorkerThread "GC Thread#7"                     [id=50452, stack(0x0000001e17b00000,0x0000001e17c00000) (1024K)]
Total: 10

Threads with active compile tasks:
Total: 0

VM state: not at safepoint (normal execution)

VM Mutex/Monitor currently owned by a thread: None

Heap address: 0x0000000080000000, size: 2048 MB, Compressed Oops mode: 32-bit

CDS archive(s) mapped at: [0x000001bf8f000000-0x000001bf8fba0000-0x000001bf8fba0000), size 12189696, SharedBaseAddress: 0x000001bf8f000000, ArchiveRelocationMode: 1.
Compressed class space mapped at: 0x000001bf90000000-0x000001bfd0000000, reserved size: 1073741824
Narrow klass base: 0x000001bf8f000000, Narrow klass shift: 0, Narrow klass range: 0x100000000

GC Precious Log:
 CardTable entry size: 512
 CPUs: 8 total, 8 available
 Memory: 16256M
 Large Page Support: Disabled
 NUMA Support: Disabled
 Compressed Oops: Enabled (32-bit)
 Alignments: Space 512K, Generation 512K, Heap 2M
 Heap Min Capacity: 100M
 Heap Initial Capacity: 100M
 Heap Max Capacity: 2G
 Pre-touch: Disabled
 Parallel Workers: 8

Heap:
 PSYoungGen      total 2048K, used 1075K [0x00000000d5580000, 0x00000000d5880000, 0x0000000100000000)
  eden space 1536K, 57% used [0x00000000d5580000,0x00000000d565ce18,0x00000000d5700000)
  from space 512K, 37% used [0x00000000d5780000,0x00000000d57b0000,0x00000000d5800000)
  to   space 512K, 0% used [0x00000000d5800000,0x00000000d5800000,0x00000000d5880000)
 ParOldGen       total 247808K, used 247735K [0x0000000080000000, 0x000000008f200000, 0x00000000d5580000)
  object space 247808K, 99% used [0x0000000080000000,0x000000008f1edd60,0x000000008f200000)
 Metaspace       used 80492K, committed 82176K, reserved 1179648K
  class space    used 8208K, committed 8960K, reserved 1048576K

Card table byte_map: [0x000001bfed980000,0x000001bfedd90000] _byte_map_base: 0x000001bfed580000

Marking Bits: (ParMarkBitMap*) 0x00007ff8f0073450
 Begin Bits: [0x000001bff1490000, 0x000001bff3490000)
 End Bits:   [0x000001bff3490000, 0x000001bff5490000)

Polling page: 0x000001bfebf50000

Metaspace:

Usage:
  Non-class:     70.59 MB used.
      Class:      8.02 MB used.
       Both:     78.61 MB used.

Virtual space:
  Non-class space:      128.00 MB reserved,      71.50 MB ( 56%) committed,  2 nodes.
      Class space:        1.00 GB reserved,       8.75 MB ( <1%) committed,  1 nodes.
             Both:        1.12 GB reserved,      80.25 MB (  7%) committed. 

Chunk freelists:
   Non-Class:  7.92 MB
       Class:  7.09 MB
        Both:  15.01 MB

MaxMetaspaceSize: unlimited
CompressedClassSpaceSize: 1.00 GB
Initial GC threshold: 21.00 MB
Current GC threshold: 123.25 MB
CDS: on
 - commit_granule_bytes: 65536.
 - commit_granule_words: 8192.
 - virtual_space_node_default_size: 8388608.
 - enlarge_chunks_in_place: 1.
 - use_allocation_guard: 0.


Internal statistics:

num_allocs_failed_limit: 9.
num_arena_births: 1552.
num_arena_deaths: 16.
num_vsnodes_births: 3.
num_vsnodes_deaths: 0.
num_space_committed: 1284.
num_space_uncommitted: 0.
num_chunks_returned_to_freelist: 26.
num_chunks_taken_from_freelist: 5290.
num_chunk_merges: 14.
num_chunk_splits: 3233.
num_chunks_enlarged: 1830.
num_inconsistent_stats: 0.

CodeHeap 'non-profiled nmethods': size=120000Kb used=15975Kb max_used=15975Kb free=104025Kb
 bounds [0x000001bf87ad0000, 0x000001bf88a70000, 0x000001bf8f000000]
CodeHeap 'profiled nmethods': size=120000Kb used=42497Kb max_used=42497Kb free=77502Kb
 bounds [0x000001bf80000000, 0x000001bf82990000, 0x000001bf87530000]
CodeHeap 'non-nmethods': size=5760Kb used=1509Kb max_used=1739Kb free=4250Kb
 bounds [0x000001bf87530000, 0x000001bf877a0000, 0x000001bf87ad0000]
CodeCache: size=245760Kb, used=59981Kb, max_used=60211Kb, free=185777Kb
 total_blobs=17288, nmethods=16459, adapters=732, full_count=0
Compilation: enabled, stopped_count=0, restarted_count=0

Compilation events (20 events):
Event: 391.097 Thread 0x000001bff7220060 17970       3       java.util.concurrent.locks.AbstractQueuedSynchronizer$ConditionObject::awaitNanos (202 bytes)
Event: 391.099 Thread 0x000001bff7220060 nmethod 17970 0x000001bf8297d490 code [0x000001bf8297d780, 0x000001bf8297e5a0]
Event: 412.966 Thread 0x000001bfedf5f2c0 17971       4       java.io.StringWriter::append (6 bytes)
Event: 412.967 Thread 0x000001bff7220060 17972       1       org.eclipse.core.internal.watson.ElementTree::getTreeData (5 bytes)
Event: 412.968 Thread 0x000001bff7220060 nmethod 17972 0x000001bf88a66a90 code [0x000001bf88a66c20, 0x000001bf88a66ce8]
Event: 412.968 Thread 0x000001bff7220060 17973       3       org.eclipse.core.internal.dtree.DataDeltaNode::compareWithParent (78 bytes)
Event: 412.969 Thread 0x000001bff7220060 nmethod 17973 0x000001bf8297eb10 code [0x000001bf8297ed40, 0x000001bf8297f548]
Event: 412.969 Thread 0x000001bff7220060 17974       3       org.eclipse.core.internal.dtree.AbstractDataTree::isRoot (11 bytes)
Event: 412.969 Thread 0x000001bff7220060 nmethod 17974 0x000001bf8297f910 code [0x000001bf8297fac0, 0x000001bf8297fc98]
Event: 412.969 Thread 0x000001bff7220060 17975       3       org.eclipse.core.resources.ProjectScope::<init> (22 bytes)
Event: 412.970 Thread 0x000001bff7220060 nmethod 17975 0x000001bf8297fd90 code [0x000001bf8297ff60, 0x000001bf82980230]
Event: 412.977 Thread 0x000001bfedf5f2c0 nmethod 17971 0x000001bf88a66d90 code [0x000001bf88a66f80, 0x000001bf88a676f8]
Event: 412.979 Thread 0x000001bff7220060 17976       3       org.eclipse.jdt.internal.core.builder.ClasspathMultiReleaseJar::supportedVersions (25 bytes)
Event: 412.979 Thread 0x000001bff7220060 nmethod 17976 0x000001bf82980390 code [0x000001bf82980540, 0x000001bf829806e8]
Event: 412.989 Thread 0x000001bfedf5f2c0 17977       4       sun.nio.fs.WindowsNativeDispatcher::asNativeBuffer (103 bytes)
Event: 413.012 Thread 0x000001bfedf5f2c0 nmethod 17977 0x000001bf88a67b90 code [0x000001bf88a67dc0, 0x000001bf88a685b8]
Event: 413.012 Thread 0x000001bfedf5f2c0 17978   !   4       sun.nio.fs.WindowsPath::getPathForWin32Calls (147 bytes)
Event: 413.014 Thread 0x000001bfedf5f2c0 nmethod 17978 0x000001bf88a68d10 code [0x000001bf88a68ea0, 0x000001bf88a68ff8]
Event: 421.151 Thread 0x000001bfedf5f2c0 17979       4       java.lang.invoke.VarHandleGuards::guard_LLL_Z (86 bytes)
Event: 421.161 Thread 0x000001bfedf5f2c0 nmethod 17979 0x000001bf88a69190 code [0x000001bf88a69380, 0x000001bf88a697e0]

GC Heap History (20 events):
Event: 383.297 GC heap before
{Heap before GC invocations=542 (full 4):
 PSYoungGen      total 2048K, used 1964K [0x00000000d5580000, 0x00000000d5880000, 0x0000000100000000)
  eden space 1536K, 99% used [0x00000000d5580000,0x00000000d56fe1d0,0x00000000d5700000)
  from space 512K, 85% used [0x00000000d5780000,0x00000000d57ed1c8,0x00000000d5800000)
  to   space 512K, 0% used [0x00000000d5800000,0x00000000d5800000,0x00000000d5880000)
 ParOldGen       total 246272K, used 246079K [0x0000000080000000, 0x000000008f080000, 0x00000000d5580000)
  object space 246272K, 99% used [0x0000000080000000,0x000000008f04ffd0,0x000000008f080000)
 Metaspace       used 80468K, committed 82112K, reserved 1179648K
  class space    used 8207K, committed 8960K, reserved 1048576K
}
Event: 383.300 GC heap after
{Heap after GC invocations=542 (full 4):
 PSYoungGen      total 2048K, used 416K [0x00000000d5580000, 0x00000000d5880000, 0x0000000100000000)
  eden space 1536K, 0% used [0x00000000d5580000,0x00000000d5580000,0x00000000d5700000)
  from space 512K, 81% used [0x00000000d5800000,0x00000000d5868000,0x00000000d5880000)
  to   space 512K, 0% used [0x00000000d5780000,0x00000000d5780000,0x00000000d5800000)
 ParOldGen       total 246784K, used 246412K [0x0000000080000000, 0x000000008f100000, 0x00000000d5580000)
  object space 246784K, 99% used [0x0000000080000000,0x000000008f0a3198,0x000000008f100000)
 Metaspace       used 80468K, committed 82112K, reserved 1179648K
  class space    used 8207K, committed 8960K, reserved 1048576K
}
Event: 383.367 GC heap before
{Heap before GC invocations=543 (full 4):
 PSYoungGen      total 2048K, used 1952K [0x00000000d5580000, 0x00000000d5880000, 0x0000000100000000)
  eden space 1536K, 100% used [0x00000000d5580000,0x00000000d5700000,0x00000000d5700000)
  from space 512K, 81% used [0x00000000d5800000,0x00000000d5868000,0x00000000d5880000)
  to   space 512K, 0% used [0x00000000d5780000,0x00000000d5780000,0x00000000d5800000)
 ParOldGen       total 246784K, used 246412K [0x0000000080000000, 0x000000008f100000, 0x00000000d5580000)
  object space 246784K, 99% used [0x0000000080000000,0x000000008f0a3198,0x000000008f100000)
 Metaspace       used 80474K, committed 82112K, reserved 1179648K
  class space    used 8207K, committed 8960K, reserved 1048576K
}
Event: 383.371 GC heap after
{Heap after GC invocations=543 (full 4):
 PSYoungGen      total 2048K, used 482K [0x00000000d5580000, 0x00000000d5880000, 0x0000000100000000)
  eden space 1536K, 0% used [0x00000000d5580000,0x00000000d5580000,0x00000000d5700000)
  from space 512K, 94% used [0x00000000d5780000,0x00000000d57f8b68,0x00000000d5800000)
  to   space 512K, 0% used [0x00000000d5800000,0x00000000d5800000,0x00000000d5880000)
 ParOldGen       total 246784K, used 246700K [0x0000000080000000, 0x000000008f100000, 0x00000000d5580000)
  object space 246784K, 99% used [0x0000000080000000,0x000000008f0eb198,0x000000008f100000)
 Metaspace       used 80474K, committed 82112K, reserved 1179648K
  class space    used 8207K, committed 8960K, reserved 1048576K
}
Event: 383.435 GC heap before
{Heap before GC invocations=544 (full 4):
 PSYoungGen      total 2048K, used 2018K [0x00000000d5580000, 0x00000000d5880000, 0x0000000100000000)
  eden space 1536K, 100% used [0x00000000d5580000,0x00000000d5700000,0x00000000d5700000)
  from space 512K, 94% used [0x00000000d5780000,0x00000000d57f8b68,0x00000000d5800000)
  to   space 512K, 0% used [0x00000000d5800000,0x00000000d5800000,0x00000000d5880000)
 ParOldGen       total 246784K, used 246700K [0x0000000080000000, 0x000000008f100000, 0x00000000d5580000)
  object space 246784K, 99% used [0x0000000080000000,0x000000008f0eb198,0x000000008f100000)
 Metaspace       used 80474K, committed 82112K, reserved 1179648K
  class space    used 8207K, committed 8960K, reserved 1048576K
}
Event: 383.438 GC heap after
{Heap after GC invocations=544 (full 4):
 PSYoungGen      total 2048K, used 467K [0x00000000d5580000, 0x00000000d5880000, 0x0000000100000000)
  eden space 1536K, 0% used [0x00000000d5580000,0x00000000d5580000,0x00000000d5700000)
  from space 512K, 91% used [0x00000000d5800000,0x00000000d5874f18,0x00000000d5880000)
  to   space 512K, 0% used [0x00000000d5780000,0x00000000d5780000,0x00000000d5800000)
 ParOldGen       total 247296K, used 247005K [0x0000000080000000, 0x000000008f180000, 0x00000000d5580000)
  object space 247296K, 99% used [0x0000000080000000,0x000000008f137438,0x000000008f180000)
 Metaspace       used 80474K, committed 82112K, reserved 1179648K
  class space    used 8207K, committed 8960K, reserved 1048576K
}
Event: 384.613 GC heap before
{Heap before GC invocations=545 (full 4):
 PSYoungGen      total 2048K, used 2003K [0x00000000d5580000, 0x00000000d5880000, 0x0000000100000000)
  eden space 1536K, 100% used [0x00000000d5580000,0x00000000d5700000,0x00000000d5700000)
  from space 512K, 91% used [0x00000000d5800000,0x00000000d5874f18,0x00000000d5880000)
  to   space 512K, 0% used [0x00000000d5780000,0x00000000d5780000,0x00000000d5800000)
 ParOldGen       total 247296K, used 247005K [0x0000000080000000, 0x000000008f180000, 0x00000000d5580000)
  object space 247296K, 99% used [0x0000000080000000,0x000000008f137438,0x000000008f180000)
 Metaspace       used 80484K, committed 82112K, reserved 1179648K
  class space    used 8207K, committed 8960K, reserved 1048576K
}
Event: 384.616 GC heap after
{Heap after GC invocations=545 (full 4):
 PSYoungGen      total 2048K, used 160K [0x00000000d5580000, 0x00000000d5880000, 0x0000000100000000)
  eden space 1536K, 0% used [0x00000000d5580000,0x00000000d5580000,0x00000000d5700000)
  from space 512K, 31% used [0x00000000d5780000,0x00000000d57a8000,0x00000000d5800000)
  to   space 512K, 0% used [0x00000000d5800000,0x00000000d5800000,0x00000000d5880000)
 ParOldGen       total 247808K, used 247352K [0x0000000080000000, 0x000000008f200000, 0x00000000d5580000)
  object space 247808K, 99% used [0x0000000080000000,0x000000008f18e350,0x000000008f200000)
 Metaspace       used 80484K, committed 82112K, reserved 1179648K
  class space    used 8207K, committed 8960K, reserved 1048576K
}
Event: 384.684 GC heap before
{Heap before GC invocations=546 (full 4):
 PSYoungGen      total 2048K, used 1696K [0x00000000d5580000, 0x00000000d5880000, 0x0000000100000000)
  eden space 1536K, 100% used [0x00000000d5580000,0x00000000d5700000,0x00000000d5700000)
  from space 512K, 31% used [0x00000000d5780000,0x00000000d57a8000,0x00000000d5800000)
  to   space 512K, 0% used [0x00000000d5800000,0x00000000d5800000,0x00000000d5880000)
 ParOldGen       total 247808K, used 247352K [0x0000000080000000, 0x000000008f200000, 0x00000000d5580000)
  object space 247808K, 99% used [0x0000000080000000,0x000000008f18e350,0x000000008f200000)
 Metaspace       used 80484K, committed 82112K, reserved 1179648K
  class space    used 8207K, committed 8960K, reserved 1048576K
}
Event: 384.687 GC heap after
{Heap after GC invocations=546 (full 4):
 PSYoungGen      total 2048K, used 192K [0x00000000d5580000, 0x00000000d5880000, 0x0000000100000000)
  eden space 1536K, 0% used [0x00000000d5580000,0x00000000d5580000,0x00000000d5700000)
  from space 512K, 37% used [0x00000000d5800000,0x00000000d5830000,0x00000000d5880000)
  to   space 512K, 0% used [0x00000000d5780000,0x00000000d5780000,0x00000000d5800000)
 ParOldGen       total 247808K, used 247471K [0x0000000080000000, 0x000000008f200000, 0x00000000d5580000)
  object space 247808K, 99% used [0x0000000080000000,0x000000008f1abd60,0x000000008f200000)
 Metaspace       used 80484K, committed 82112K, reserved 1179648K
  class space    used 8207K, committed 8960K, reserved 1048576K
}
Event: 384.779 GC heap before
{Heap before GC invocations=547 (full 4):
 PSYoungGen      total 2048K, used 1728K [0x00000000d5580000, 0x00000000d5880000, 0x0000000100000000)
  eden space 1536K, 100% used [0x00000000d5580000,0x00000000d5700000,0x00000000d5700000)
  from space 512K, 37% used [0x00000000d5800000,0x00000000d5830000,0x00000000d5880000)
  to   space 512K, 0% used [0x00000000d5780000,0x00000000d5780000,0x00000000d5800000)
 ParOldGen       total 247808K, used 247471K [0x0000000080000000, 0x000000008f200000, 0x00000000d5580000)
  object space 247808K, 99% used [0x0000000080000000,0x000000008f1abd60,0x000000008f200000)
 Metaspace       used 80484K, committed 82112K, reserved 1179648K
  class space    used 8207K, committed 8960K, reserved 1048576K
}
Event: 384.781 GC heap after
{Heap after GC invocations=547 (full 4):
 PSYoungGen      total 2048K, used 128K [0x00000000d5580000, 0x00000000d5880000, 0x0000000100000000)
  eden space 1536K, 0% used [0x00000000d5580000,0x00000000d5580000,0x00000000d5700000)
  from space 512K, 25% used [0x00000000d5780000,0x00000000d57a0000,0x00000000d5800000)
  to   space 512K, 0% used [0x00000000d5800000,0x00000000d5800000,0x00000000d5880000)
 ParOldGen       total 247808K, used 247511K [0x0000000080000000, 0x000000008f200000, 0x00000000d5580000)
  object space 247808K, 99% used [0x0000000080000000,0x000000008f1b5d60,0x000000008f200000)
 Metaspace       used 80484K, committed 82112K, reserved 1179648K
  class space    used 8207K, committed 8960K, reserved 1048576K
}
Event: 384.880 GC heap before
{Heap before GC invocations=548 (full 4):
 PSYoungGen      total 2048K, used 1664K [0x00000000d5580000, 0x00000000d5880000, 0x0000000100000000)
  eden space 1536K, 100% used [0x00000000d5580000,0x00000000d5700000,0x00000000d5700000)
  from space 512K, 25% used [0x00000000d5780000,0x00000000d57a0000,0x00000000d5800000)
  to   space 512K, 0% used [0x00000000d5800000,0x00000000d5800000,0x00000000d5880000)
 ParOldGen       total 247808K, used 247511K [0x0000000080000000, 0x000000008f200000, 0x00000000d5580000)
  object space 247808K, 99% used [0x0000000080000000,0x000000008f1b5d60,0x000000008f200000)
 Metaspace       used 80484K, committed 82112K, reserved 1179648K
  class space    used 8207K, committed 8960K, reserved 1048576K
}
Event: 384.882 GC heap after
{Heap after GC invocations=548 (full 4):
 PSYoungGen      total 2048K, used 192K [0x00000000d5580000, 0x00000000d5880000, 0x0000000100000000)
  eden space 1536K, 0% used [0x00000000d5580000,0x00000000d5580000,0x00000000d5700000)
  from space 512K, 37% used [0x00000000d5800000,0x00000000d5830000,0x00000000d5880000)
  to   space 512K, 0% used [0x00000000d5780000,0x00000000d5780000,0x00000000d5800000)
 ParOldGen       total 247808K, used 247575K [0x0000000080000000, 0x000000008f200000, 0x00000000d5580000)
  object space 247808K, 99% used [0x0000000080000000,0x000000008f1c5d60,0x000000008f200000)
 Metaspace       used 80484K, committed 82112K, reserved 1179648K
  class space    used 8207K, committed 8960K, reserved 1048576K
}
Event: 384.920 GC heap before
{Heap before GC invocations=549 (full 4):
 PSYoungGen      total 2048K, used 1728K [0x00000000d5580000, 0x00000000d5880000, 0x0000000100000000)
  eden space 1536K, 100% used [0x00000000d5580000,0x00000000d5700000,0x00000000d5700000)
  from space 512K, 37% used [0x00000000d5800000,0x00000000d5830000,0x00000000d5880000)
  to   space 512K, 0% used [0x00000000d5780000,0x00000000d5780000,0x00000000d5800000)
 ParOldGen       total 247808K, used 247575K [0x0000000080000000, 0x000000008f200000, 0x00000000d5580000)
  object space 247808K, 99% used [0x0000000080000000,0x000000008f1c5d60,0x000000008f200000)
 Metaspace       used 80484K, committed 82112K, reserved 1179648K
  class space    used 8207K, committed 8960K, reserved 1048576K
}
Event: 384.923 GC heap after
{Heap after GC invocations=549 (full 4):
 PSYoungGen      total 2048K, used 160K [0x00000000d5580000, 0x00000000d5880000, 0x0000000100000000)
  eden space 1536K, 0% used [0x00000000d5580000,0x00000000d5580000,0x00000000d5700000)
  from space 512K, 31% used [0x00000000d5780000,0x00000000d57a8000,0x00000000d5800000)
  to   space 512K, 0% used [0x00000000d5800000,0x00000000d5800000,0x00000000d5880000)
 ParOldGen       total 247808K, used 247631K [0x0000000080000000, 0x000000008f200000, 0x00000000d5580000)
  object space 247808K, 99% used [0x0000000080000000,0x000000008f1d3d60,0x000000008f200000)
 Metaspace       used 80484K, committed 82112K, reserved 1179648K
  class space    used 8207K, committed 8960K, reserved 1048576K
}
Event: 412.835 GC heap before
{Heap before GC invocations=550 (full 4):
 PSYoungGen      total 2048K, used 1696K [0x00000000d5580000, 0x00000000d5880000, 0x0000000100000000)
  eden space 1536K, 100% used [0x00000000d5580000,0x00000000d5700000,0x00000000d5700000)
  from space 512K, 31% used [0x00000000d5780000,0x00000000d57a8000,0x00000000d5800000)
  to   space 512K, 0% used [0x00000000d5800000,0x00000000d5800000,0x00000000d5880000)
 ParOldGen       total 247808K, used 247631K [0x0000000080000000, 0x000000008f200000, 0x00000000d5580000)
  object space 247808K, 99% used [0x0000000080000000,0x000000008f1d3d60,0x000000008f200000)
 Metaspace       used 80489K, committed 82112K, reserved 1179648K
  class space    used 8207K, committed 8960K, reserved 1048576K
}
Event: 412.837 GC heap after
{Heap after GC invocations=550 (full 4):
 PSYoungGen      total 2048K, used 256K [0x00000000d5580000, 0x00000000d5880000, 0x0000000100000000)
  eden space 1536K, 0% used [0x00000000d5580000,0x00000000d5580000,0x00000000d5700000)
  from space 512K, 50% used [0x00000000d5800000,0x00000000d5840000,0x00000000d5880000)
  to   space 512K, 0% used [0x00000000d5780000,0x00000000d5780000,0x00000000d5800000)
 ParOldGen       total 247808K, used 247671K [0x0000000080000000, 0x000000008f200000, 0x00000000d5580000)
  object space 247808K, 99% used [0x0000000080000000,0x000000008f1ddd60,0x000000008f200000)
 Metaspace       used 80489K, committed 82112K, reserved 1179648K
  class space    used 8207K, committed 8960K, reserved 1048576K
}
Event: 412.980 GC heap before
{Heap before GC invocations=551 (full 4):
 PSYoungGen      total 2048K, used 1591K [0x00000000d5580000, 0x00000000d5880000, 0x0000000100000000)
  eden space 1536K, 86% used [0x00000000d5580000,0x00000000d56cdf80,0x00000000d5700000)
  from space 512K, 50% used [0x00000000d5800000,0x00000000d5840000,0x00000000d5880000)
  to   space 512K, 0% used [0x00000000d5780000,0x00000000d5780000,0x00000000d5800000)
 ParOldGen       total 247808K, used 247671K [0x0000000080000000, 0x000000008f200000, 0x00000000d5580000)
  object space 247808K, 99% used [0x0000000080000000,0x000000008f1ddd60,0x000000008f200000)
 Metaspace       used 80492K, committed 82176K, reserved 1179648K
  class space    used 8208K, committed 8960K, reserved 1048576K
}
Event: 412.982 GC heap after
{Heap after GC invocations=551 (full 4):
 PSYoungGen      total 2048K, used 192K [0x00000000d5580000, 0x00000000d5880000, 0x0000000100000000)
  eden space 1536K, 0% used [0x00000000d5580000,0x00000000d5580000,0x00000000d5700000)
  from space 512K, 37% used [0x00000000d5780000,0x00000000d57b0000,0x00000000d5800000)
  to   space 512K, 0% used [0x00000000d5800000,0x00000000d5800000,0x00000000d5880000)
 ParOldGen       total 247808K, used 247735K [0x0000000080000000, 0x000000008f200000, 0x00000000d5580000)
  object space 247808K, 99% used [0x0000000080000000,0x000000008f1edd60,0x000000008f200000)
 Metaspace       used 80492K, committed 82176K, reserved 1179648K
  class space    used 8208K, committed 8960K, reserved 1048576K
}

Dll operation events (12 events):
Event: 0.052 Loaded shared library c:\Users\adjao\.vscode\extensions\redhat.java-1.54.0-win32-x64\jre\21.0.10-win32-x86_64\bin\java.dll
Event: 0.385 Loaded shared library c:\Users\adjao\.vscode\extensions\redhat.java-1.54.0-win32-x64\jre\21.0.10-win32-x86_64\bin\zip.dll
Event: 0.462 Loaded shared library C:\Users\adjao\.vscode\extensions\redhat.java-1.54.0-win32-x64\jre\21.0.10-win32-x86_64\bin\instrument.dll
Event: 0.472 Loaded shared library C:\Users\adjao\.vscode\extensions\redhat.java-1.54.0-win32-x64\jre\21.0.10-win32-x86_64\bin\net.dll
Event: 0.479 Loaded shared library C:\Users\adjao\.vscode\extensions\redhat.java-1.54.0-win32-x64\jre\21.0.10-win32-x86_64\bin\nio.dll
Event: 0.486 Loaded shared library C:\Users\adjao\.vscode\extensions\redhat.java-1.54.0-win32-x64\jre\21.0.10-win32-x86_64\bin\zip.dll
Event: 0.581 Loaded shared library C:\Users\adjao\.vscode\extensions\redhat.java-1.54.0-win32-x64\jre\21.0.10-win32-x86_64\bin\jimage.dll
Event: 0.846 Loaded shared library c:\Users\adjao\.vscode\extensions\redhat.java-1.54.0-win32-x64\jre\21.0.10-win32-x86_64\bin\verify.dll
Event: 17.184 Loaded shared library C:\Users\adjao\AppData\Roaming\Code\User\globalStorage\redhat.java\1.54.0\config_win\org.eclipse.equinox.launcher\org.eclipse.equinox.launcher.win32.win32.x86_64_1.3.0.v20260203-2149\eclipse_11919.dll
Event: 33.108 Loaded shared library C:\Users\adjao\AppData\Local\Temp\jna-92665621\jna1257565130122012526.dll
Event: 42.117 Loaded shared library C:\Users\adjao\.vscode\extensions\redhat.java-1.54.0-win32-x64\jre\21.0.10-win32-x86_64\bin\sunmscapi.dll
Event: 42.706 Loaded shared library C:\Users\adjao\.vscode\extensions\redhat.java-1.54.0-win32-x64\jre\21.0.10-win32-x86_64\bin\extnet.dll

Deoptimization events (20 events):
Event: 383.162 Thread 0x000001bff76c2160 DEOPT PACKING pc=0x000001bf827be0a2 sp=0x0000001e185fdc00
Event: 383.162 Thread 0x000001bff76c2160 DEOPT UNPACKING pc=0x000001bf87584242 sp=0x0000001e185fd178 mode 0
Event: 383.215 Thread 0x000001bff76c2160 Uncommon trap: trap_request=0xfffffff4 fr.pc=0x000001bf888fdadc relative=0x00000000000029fc
Event: 383.215 Thread 0x000001bff76c2160 Uncommon trap: reason=null_check action=make_not_entrant pc=0x000001bf888fdadc method=org.eclipse.jdt.internal.compiler.ast.MessageSend.resolveType(Lorg/eclipse/jdt/internal/compiler/lookup/BlockScope;)Lorg/eclipse/jdt/internal/compiler/lookup/TypeBinding
Event: 383.215 Thread 0x000001bff76c2160 DEOPT PACKING pc=0x000001bf888fdadc sp=0x0000001e185fe990
Event: 383.215 Thread 0x000001bff76c2160 DEOPT UNPACKING pc=0x000001bf87583aa2 sp=0x0000001e185fe958 mode 2
Event: 383.232 Thread 0x000001bff76c2160 DEOPT PACKING pc=0x000001bf827be0a2 sp=0x0000001e185fdb60
Event: 383.232 Thread 0x000001bff76c2160 DEOPT UNPACKING pc=0x000001bf87584242 sp=0x0000001e185fd0d8 mode 0
Event: 383.249 Thread 0x000001bff76c2160 DEOPT PACKING pc=0x000001bf823136ac sp=0x0000001e185fde40
Event: 383.249 Thread 0x000001bff76c2160 DEOPT UNPACKING pc=0x000001bf87584242 sp=0x0000001e185fd330 mode 0
Event: 383.260 Thread 0x000001bff76c2160 DEOPT PACKING pc=0x000001bf827be0a2 sp=0x0000001e185fdf90
Event: 383.260 Thread 0x000001bff76c2160 DEOPT UNPACKING pc=0x000001bf87584242 sp=0x0000001e185fd508 mode 0
Event: 383.360 Thread 0x000001bff76c2160 DEOPT PACKING pc=0x000001bf827be0a2 sp=0x0000001e185fda60
Event: 383.360 Thread 0x000001bff76c2160 DEOPT UNPACKING pc=0x000001bf87584242 sp=0x0000001e185fcfd8 mode 0
Event: 383.400 Thread 0x000001bff76c2160 DEOPT PACKING pc=0x000001bf827be0a2 sp=0x0000001e185fd5f0
Event: 383.400 Thread 0x000001bff76c2160 DEOPT UNPACKING pc=0x000001bf87584242 sp=0x0000001e185fcb68 mode 0
Event: 383.433 Thread 0x000001bff76c2160 DEOPT PACKING pc=0x000001bf827be0a2 sp=0x0000001e185fdc30
Event: 383.433 Thread 0x000001bff76c2160 DEOPT UNPACKING pc=0x000001bf87584242 sp=0x0000001e185fd1a8 mode 0
Event: 384.663 Thread 0x000001bffcb8e040 DEOPT PACKING pc=0x000001bf822c9a69 sp=0x0000001e19cfd5a0
Event: 384.663 Thread 0x000001bffcb8e040 DEOPT UNPACKING pc=0x000001bf87584242 sp=0x0000001e19cfca08 mode 0

Classes loaded (20 events):
Event: 353.548 Loading class java/util/stream/Nodes$AbstractConcNode done
Event: 353.548 Loading class java/util/stream/Nodes$ConcNode done
Event: 353.566 Loading class java/io/ObjectOutputStream$BlockDataOutputStream
Event: 353.566 Loading class java/io/ObjectOutputStream$BlockDataOutputStream done
Event: 353.567 Loading class java/io/ObjectOutputStream$HandleTable
Event: 353.567 Loading class java/io/ObjectOutputStream$HandleTable done
Event: 353.567 Loading class java/io/ObjectOutputStream$ReplaceTable
Event: 353.567 Loading class java/io/ObjectOutputStream$ReplaceTable done
Event: 377.464 Loading class java/util/stream/DistinctOps
Event: 377.465 Loading class java/util/stream/DistinctOps done
Event: 377.465 Loading class java/util/stream/DistinctOps$1
Event: 377.465 Loading class java/util/stream/DistinctOps$1 done
Event: 377.474 Loading class java/util/stream/DistinctOps$1$2
Event: 377.474 Loading class java/util/stream/DistinctOps$1$2 done
Event: 377.873 Loading class java/util/stream/ReduceOps$5
Event: 377.881 Loading class java/util/stream/ReduceOps$5 done
Event: 377.881 Loading class java/util/stream/ReduceOps$CountingSink$OfRef
Event: 377.881 Loading class java/util/stream/ReduceOps$CountingSink
Event: 377.882 Loading class java/util/stream/ReduceOps$CountingSink done
Event: 377.882 Loading class java/util/stream/ReduceOps$CountingSink$OfRef done

Classes unloaded (8 events):
Event: 34.509 Thread 0x000001bfedf52d50 Unloading class 0x000001bf901a4000 'java/lang/invoke/LambdaForm$MH+0x000001bf901a4000'
Event: 34.509 Thread 0x000001bfedf52d50 Unloading class 0x000001bf901a3c00 'java/lang/invoke/LambdaForm$MH+0x000001bf901a3c00'
Event: 34.509 Thread 0x000001bfedf52d50 Unloading class 0x000001bf901a3800 'java/lang/invoke/LambdaForm$MH+0x000001bf901a3800'
Event: 34.509 Thread 0x000001bfedf52d50 Unloading class 0x000001bf901a3400 'java/lang/invoke/LambdaForm$MH+0x000001bf901a3400'
Event: 34.509 Thread 0x000001bfedf52d50 Unloading class 0x000001bf901a3000 'java/lang/invoke/LambdaForm$BMH+0x000001bf901a3000'
Event: 34.509 Thread 0x000001bfedf52d50 Unloading class 0x000001bf901a2c00 'java/lang/invoke/LambdaForm$DMH+0x000001bf901a2c00'
Event: 34.509 Thread 0x000001bfedf52d50 Unloading class 0x000001bf901a1800 'java/lang/invoke/LambdaForm$DMH+0x000001bf901a1800'
Event: 52.956 Thread 0x000001bfedf52d50 Unloading class 0x000001bf906da000 'java/lang/invoke/LambdaForm$DMH+0x000001bf906da000'

Classes redefined (0 events):
No events

Internal exceptions (20 events):
Event: 294.741 Thread 0x000001bffcb8d9b0 Exception <a 'java/lang/IncompatibleClassChangeError'{0x00000000d55fa638}: Found class java.lang.Object, but interface was expected> (0x00000000d55fa638) 
thrown [s\src\hotspot\share\interpreter\linkResolver.cpp, line 840]
Event: 295.891 Thread 0x000001bffcb8d9b0 Exception <a 'java/lang/IncompatibleClassChangeError'{0x00000000d55bc288}: Found class java.lang.Object, but interface was expected> (0x00000000d55bc288) 
thrown [s\src\hotspot\share\interpreter\linkResolver.cpp, line 840]
Event: 296.005 Thread 0x000001bffcb90e30 Exception <a 'java/lang/ArrayIndexOutOfBoundsException'{0x00000000d561f0d8}: Index 85699 out of bounds for length 85698> (0x00000000d561f0d8) 
thrown [s\src\hotspot\share\interpreter\interpreterRuntime.cpp, line 439]
Event: 300.477 Thread 0x000001bffcb8ed60 Exception <a 'java/lang/NoSuchMethodError'{0x00000000d562f198}: 'void java.lang.invoke.DirectMethodHandle$Holder.invokeSpecial(java.lang.Object, java.lang.Object, int)'> (0x00000000d562f198) 
thrown [s\src\hotspot\share\interpreter\linkResolver.cpp, line 773]
Event: 301.208 Thread 0x000001bffcb8ed60 Exception <a 'java/lang/NoSuchMethodError'{0x00000000d55ee9b0}: 'int java.lang.invoke.DirectMethodHandle$Holder.invokeVirtual(java.lang.Object, java.lang.Object, java.lang.Object, int)'> (0x00000000d55ee9b0) 
thrown [s\src\hotspot\share\interpreter\linkResolver.cpp, line 773]
Event: 303.254 Thread 0x000001bffcb8d9b0 Exception <a 'java/lang/IncompatibleClassChangeError'{0x00000000d55858f0}: Found class java.lang.Object, but interface was expected> (0x00000000d55858f0) 
thrown [s\src\hotspot\share\interpreter\linkResolver.cpp, line 840]
Event: 353.560 Thread 0x000001bfd083abb0 Exception <a 'sun/nio/fs/WindowsException'{0x00000000d5607f88}> (0x00000000d5607f88) 
thrown [s\src\hotspot\share\prims\jni.cpp, line 520]
Event: 353.560 Thread 0x000001bfd083abb0 Exception <a 'sun/nio/fs/WindowsException'{0x00000000d5608a90}> (0x00000000d5608a90) 
thrown [s\src\hotspot\share\prims\jni.cpp, line 520]
Event: 353.576 Thread 0x000001bfd083abb0 Exception <a 'java/lang/NoSuchMethodError'{0x00000000d5682388}: static [J.<clinit>()V> (0x00000000d5682388) 
thrown [s\src\hotspot\share\prims\jni.cpp, line 1111]
Event: 353.587 Thread 0x000001bfd083abb0 Exception <a 'java/lang/NoSuchMethodError'{0x00000000d56bd410}: 'java.lang.Object java.lang.invoke.DirectMethodHandle$Holder.newInvokeSpecial(java.lang.Object, java.lang.Object, java.lang.Object, java.lang.Object, java.lang.Object, java.lang.Object, java.lang.Object, java.lang.Object)'> (0x00000000d56bd410) 
thrown [s\src\hotspot\share\interpreter\linkResolver.cpp, line 773]
Event: 376.274 Thread 0x000001bffcb8d9b0 Exception <a 'java/lang/IncompatibleClassChangeError'{0x00000000d5672420}: Found class java.lang.Object, but interface was expected> (0x00000000d5672420) 
thrown [s\src\hotspot\share\interpreter\linkResolver.cpp, line 840]
Event: 376.274 Thread 0x000001bffcb8d9b0 Exception <a 'java/lang/IncompatibleClassChangeError'{0x00000000d5676588}: Found class java.lang.Object, but interface was expected> (0x00000000d5676588) 
thrown [s\src\hotspot\share\interpreter\linkResolver.cpp, line 840]
Event: 377.399 Thread 0x000001bff76c2160 Implicit null exception at 0x000001bf88210562 to 0x000001bf882109d0
Event: 377.485 Thread 0x000001bff76c2160 Implicit null exception at 0x000001bf888890aa to 0x000001bf8888b560
Event: 377.535 Thread 0x000001bff76c2160 Implicit null exception at 0x000001bf8855c465 to 0x000001bf88561044
Event: 377.758 Thread 0x000001bff76c2160 Implicit null exception at 0x000001bf87e04044 to 0x000001bf87e05e14
Event: 377.938 Thread 0x000001bff76c2160 Exception <a 'java/lang/NoSuchMethodError'{0x00000000d56fec40}: 'void java.lang.invoke.DirectMethodHandle$Holder.invokeVirtual(java.lang.Object, java.lang.Object, java.lang.Object, java.lang.Object, java.lang.Object)'> (0x00000000d56fec40) 
thrown [s\src\hotspot\share\interpreter\linkResolver.cpp, line 773]
Event: 381.794 Thread 0x000001bff76c2160 Exception <a 'sun/nio/fs/WindowsException'{0x00000000d55b7e18}> (0x00000000d55b7e18) 
thrown [s\src\hotspot\share\prims\jni.cpp, line 520]
Event: 382.686 Thread 0x000001bff76c2160 Exception <a 'sun/nio/fs/WindowsException'{0x00000000d564f4c8}> (0x00000000d564f4c8) 
thrown [s\src\hotspot\share\prims\jni.cpp, line 520]
Event: 383.215 Thread 0x000001bff76c2160 Implicit null exception at 0x000001bf888fc8b9 to 0x000001bf888fdacc

ZGC Phase Switch (0 events):
No events

VM Operations (20 events):
Event: 384.684 Executing safepoint VM operation: ParallelGCFailedAllocation (Allocation Failure)
Event: 384.687 Executing safepoint VM operation: ParallelGCFailedAllocation (Allocation Failure) done
Event: 384.779 Executing safepoint VM operation: ParallelGCFailedAllocation (Allocation Failure)
Event: 384.781 Executing safepoint VM operation: ParallelGCFailedAllocation (Allocation Failure) done
Event: 384.880 Executing safepoint VM operation: ParallelGCFailedAllocation (Allocation Failure)
Event: 384.882 Executing safepoint VM operation: ParallelGCFailedAllocation (Allocation Failure) done
Event: 384.920 Executing safepoint VM operation: ParallelGCFailedAllocation (Allocation Failure)
Event: 384.923 Executing safepoint VM operation: ParallelGCFailedAllocation (Allocation Failure) done
Event: 385.939 Executing safepoint VM operation: Cleanup
Event: 385.939 Executing safepoint VM operation: Cleanup done
Event: 412.835 Executing safepoint VM operation: ParallelGCFailedAllocation (Allocation Failure)
Event: 412.837 Executing safepoint VM operation: ParallelGCFailedAllocation (Allocation Failure) done
Event: 412.980 Executing safepoint VM operation: ParallelGCFailedAllocation (Allocation Failure)
Event: 412.982 Executing safepoint VM operation: ParallelGCFailedAllocation (Allocation Failure) done
Event: 413.982 Executing safepoint VM operation: Cleanup
Event: 413.982 Executing safepoint VM operation: Cleanup done
Event: 420.788 Executing non-safepoint VM operation: HandshakeAllThreads (HandshakeForDeflation)
Event: 420.788 Executing non-safepoint VM operation: HandshakeAllThreads (HandshakeForDeflation) done
Event: 420.788 Executing non-safepoint VM operation: RendezvousGCThreads
Event: 420.788 Executing non-safepoint VM operation: RendezvousGCThreads done

Memory protections (0 events):
No events

Nmethod flushes (20 events):
Event: 295.535 Thread 0x000001bfedf52d50 flushing  nmethod 0x000001bf80e67f10
Event: 295.535 Thread 0x000001bfedf52d50 flushing  nmethod 0x000001bf80e68a90
Event: 295.535 Thread 0x000001bfedf52d50 flushing  nmethod 0x000001bf80e6a290
Event: 295.535 Thread 0x000001bfedf52d50 flushing  nmethod 0x000001bf80e6ba10
Event: 295.535 Thread 0x000001bfedf52d50 flushing  nmethod 0x000001bf80e6c290
Event: 295.535 Thread 0x000001bfedf52d50 flushing  nmethod 0x000001bf80e6ce90
Event: 295.535 Thread 0x000001bfedf52d50 flushing  nmethod 0x000001bf80e72b90
Event: 295.535 Thread 0x000001bfedf52d50 flushing  nmethod 0x000001bf80e7a090
Event: 295.535 Thread 0x000001bfedf52d50 flushing  nmethod 0x000001bf80e7a490
Event: 295.535 Thread 0x000001bfedf52d50 flushing  nmethod 0x000001bf80e7a890
Event: 295.535 Thread 0x000001bfedf52d50 flushing  nmethod 0x000001bf80e7b210
Event: 295.535 Thread 0x000001bfedf52d50 flushing  nmethod 0x000001bf80e7c290
Event: 295.535 Thread 0x000001bfedf52d50 flushing  nmethod 0x000001bf80e7e290
Event: 295.535 Thread 0x000001bfedf52d50 flushing  nmethod 0x000001bf80e7fa90
Event: 295.535 Thread 0x000001bfedf52d50 flushing  nmethod 0x000001bf80e80510
Event: 295.535 Thread 0x000001bfedf52d50 flushing  nmethod 0x000001bf80e93d10
Event: 295.535 Thread 0x000001bfedf52d50 flushing  nmethod 0x000001bf80e99c90
Event: 295.535 Thread 0x000001bfedf52d50 flushing  nmethod 0x000001bf80e9c810
Event: 295.535 Thread 0x000001bfedf52d50 flushing  nmethod 0x000001bf80eda490
Event: 295.535 Thread 0x000001bfedf52d50 flushing osr nmethod 0x000001bf80ef0f90

Events (20 events):
Event: 362.649 Thread 0x000001bfff5aa120 Thread exited: 0x000001bfff5aa120
Event: 363.743 Thread 0x000001bffdb8c970 Thread exited: 0x000001bffdb8c970
Event: 366.730 Thread 0x000001bffcb8ed60 Thread exited: 0x000001bffcb8ed60
Event: 375.270 Thread 0x000001bff7220060 Thread added: 0x000001bffdb8c970
Event: 375.621 Thread 0x000001bffdb8c970 Thread exited: 0x000001bffdb8c970
Event: 375.652 Thread 0x000001bfedf5f2c0 Thread added: 0x000001bffdb8c970
Event: 377.103 Thread 0x000001bffdb8c970 Thread exited: 0x000001bffdb8c970
Event: 377.115 Thread 0x000001bfedf5f2c0 Thread added: 0x000001bffdb8c970
Event: 377.155 Thread 0x000001bfd083abb0 Thread added: 0x000001bfff5a4bd0
Event: 377.331 Thread 0x000001bfd0840e20 Thread added: 0x000001bfff5a5260
Event: 377.482 Thread 0x000001bfd0840e20 Thread added: 0x000001bfff5a5f80
Event: 379.894 Thread 0x000001bffdb8c970 Thread exited: 0x000001bffdb8c970
Event: 379.943 Thread 0x000001bfedf5f2c0 Thread added: 0x000001bffdb8c970
Event: 381.953 Thread 0x000001bffdb8c970 Thread exited: 0x000001bffdb8c970
Event: 382.062 Thread 0x000001bff7220060 Thread added: 0x000001bffdb8c970
Event: 390.037 Thread 0x000001bffdb8c970 Thread exited: 0x000001bffdb8c970
Event: 414.094 Thread 0x000001bffcb93590 Thread exited: 0x000001bffcb93590
Event: 439.412 Thread 0x000001bfff5a5f80 Thread exited: 0x000001bfff5a5f80
Event: 444.285 Thread 0x000001bfd083abb0 Thread exited: 0x000001bfd083abb0
Event: 445.033 Thread 0x000001bffcb8e040 Thread exited: 0x000001bffcb8e040


Dynamic libraries:
0x00007ff6d7f50000 - 0x00007ff6d7f5e000 	c:\Users\adjao\.vscode\extensions\redhat.java-1.54.0-win32-x64\jre\21.0.10-win32-x86_64\bin\java.exe
0x00007ff97d4c0000 - 0x00007ff97d727000 	C:\WINDOWS\SYSTEM32\ntdll.dll
0x00007ff97c3b0000 - 0x00007ff97c479000 	C:\WINDOWS\System32\KERNEL32.DLL
0x00007ff97a3f0000 - 0x00007ff97a7e7000 	C:\WINDOWS\System32\KERNELBASE.dll
0x00007ff97a7f0000 - 0x00007ff97a93b000 	C:\WINDOWS\System32\ucrtbase.dll
0x00007ff962b00000 - 0x00007ff962b18000 	c:\Users\adjao\.vscode\extensions\redhat.java-1.54.0-win32-x64\jre\21.0.10-win32-x86_64\bin\jli.dll
0x00007ff92f5d0000 - 0x00007ff92f5ee000 	c:\Users\adjao\.vscode\extensions\redhat.java-1.54.0-win32-x64\jre\21.0.10-win32-x86_64\bin\VCRUNTIME140.dll
0x00007ff97c5a0000 - 0x00007ff97c766000 	C:\WINDOWS\System32\USER32.dll
0x00007ff97a1d0000 - 0x00007ff97a1f7000 	C:\WINDOWS\System32\win32u.dll
0x00007ff97d440000 - 0x00007ff97d46b000 	C:\WINDOWS\System32\GDI32.dll
0x00007ff97a2c0000 - 0x00007ff97a3ec000 	C:\WINDOWS\System32\gdi32full.dll
0x00007ff961a60000 - 0x00007ff961cf2000 	C:\WINDOWS\WinSxS\amd64_microsoft.windows.common-controls_6595b64144ccf1df_6.0.26100.8457_none_3e0b2faee331e92d\COMCTL32.dll
0x00007ff979ef0000 - 0x00007ff979f93000 	C:\WINDOWS\System32\msvcp_win.dll
0x00007ff97d000000 - 0x00007ff97d0a9000 	C:\WINDOWS\System32\msvcrt.dll
0x00007ff97c550000 - 0x00007ff97c582000 	C:\WINDOWS\System32\IMM32.DLL
0x00007ff9627e0000 - 0x00007ff9627ec000 	c:\Users\adjao\.vscode\extensions\redhat.java-1.54.0-win32-x64\jre\21.0.10-win32-x86_64\bin\vcruntime140_1.dll
0x00007ff92f540000 - 0x00007ff92f5cd000 	c:\Users\adjao\.vscode\extensions\redhat.java-1.54.0-win32-x64\jre\21.0.10-win32-x86_64\bin\msvcp140.dll
0x00007ff8ef3b0000 - 0x00007ff8f0151000 	c:\Users\adjao\.vscode\extensions\redhat.java-1.54.0-win32-x64\jre\21.0.10-win32-x86_64\bin\server\jvm.dll
0x00007ff97b820000 - 0x00007ff97b8d6000 	C:\WINDOWS\System32\ADVAPI32.dll
0x00007ff97c480000 - 0x00007ff97c527000 	C:\WINDOWS\System32\sechost.dll
0x00007ff97b450000 - 0x00007ff97b568000 	C:\WINDOWS\System32\RPCRT4.dll
0x00007ff97cad0000 - 0x00007ff97cb50000 	C:\WINDOWS\System32\WS2_32.dll
0x00007ff979d70000 - 0x00007ff979dce000 	C:\WINDOWS\SYSTEM32\POWRPROF.dll
0x00007ff965c70000 - 0x00007ff965ca6000 	C:\WINDOWS\SYSTEM32\WINMM.dll
0x00007ff967f50000 - 0x00007ff967f5b000 	C:\WINDOWS\SYSTEM32\VERSION.dll
0x00007ff979d50000 - 0x00007ff979d64000 	C:\WINDOWS\SYSTEM32\UMPDC.dll
0x00007ff978c40000 - 0x00007ff978c5b000 	C:\WINDOWS\SYSTEM32\kernel.appcore.dll
0x00007ff962650000 - 0x00007ff96265a000 	c:\Users\adjao\.vscode\extensions\redhat.java-1.54.0-win32-x64\jre\21.0.10-win32-x86_64\bin\jimage.dll
0x00007ff977610000 - 0x00007ff977852000 	C:\WINDOWS\SYSTEM32\DBGHELP.DLL
0x00007ff97d0b0000 - 0x00007ff97d433000 	C:\WINDOWS\System32\combase.dll
0x00007ff97c9f0000 - 0x00007ff97cac9000 	C:\WINDOWS\System32\OLEAUT32.dll
0x00007ff960dd0000 - 0x00007ff960e0b000 	C:\WINDOWS\SYSTEM32\dbgcore.DLL
0x00007ff97a120000 - 0x00007ff97a1c8000 	C:\WINDOWS\System32\bcryptPrimitives.dll
0x00007ff960950000 - 0x00007ff96095f000 	c:\Users\adjao\.vscode\extensions\redhat.java-1.54.0-win32-x64\jre\21.0.10-win32-x86_64\bin\instrument.dll
0x00007ff92f400000 - 0x00007ff92f420000 	c:\Users\adjao\.vscode\extensions\redhat.java-1.54.0-win32-x64\jre\21.0.10-win32-x86_64\bin\java.dll
0x00007ff97bc30000 - 0x00007ff97c39e000 	C:\WINDOWS\System32\SHELL32.dll
0x00007ff97a940000 - 0x00007ff97b1ac000 	C:\WINDOWS\System32\windows.storage.dll
0x00007ff97b6a0000 - 0x00007ff97b796000 	C:\WINDOWS\System32\SHCORE.dll
0x00007ff97b240000 - 0x00007ff97b2a6000 	C:\WINDOWS\System32\shlwapi.dll
0x00007ff979e10000 - 0x00007ff979e39000 	C:\WINDOWS\SYSTEM32\profapi.dll
0x00007ff92f520000 - 0x00007ff92f538000 	c:\Users\adjao\.vscode\extensions\redhat.java-1.54.0-win32-x64\jre\21.0.10-win32-x86_64\bin\zip.dll
0x00007ff95f6d0000 - 0x00007ff95f6e0000 	C:\Users\adjao\.vscode\extensions\redhat.java-1.54.0-win32-x64\jre\21.0.10-win32-x86_64\bin\net.dll
0x00007ff96d000000 - 0x00007ff96d129000 	C:\WINDOWS\SYSTEM32\WINHTTP.dll
0x00007ff979190000 - 0x00007ff9791fc000 	C:\WINDOWS\system32\mswsock.dll
0x00007ff92f490000 - 0x00007ff92f4a6000 	C:\Users\adjao\.vscode\extensions\redhat.java-1.54.0-win32-x64\jre\21.0.10-win32-x86_64\bin\nio.dll
0x00007ff95a8b0000 - 0x00007ff95a8c0000 	c:\Users\adjao\.vscode\extensions\redhat.java-1.54.0-win32-x64\jre\21.0.10-win32-x86_64\bin\verify.dll
0x00007ff925de0000 - 0x00007ff925e25000 	C:\Users\adjao\AppData\Roaming\Code\User\globalStorage\redhat.java\1.54.0\config_win\org.eclipse.equinox.launcher\org.eclipse.equinox.launcher.win32.win32.x86_64_1.3.0.v20260203-2149\eclipse_11919.dll
0x00007ff97b2b0000 - 0x00007ff97b447000 	C:\WINDOWS\System32\ole32.dll
0x00007ff979590000 - 0x00007ff9795ab000 	C:\WINDOWS\SYSTEM32\CRYPTSP.dll
0x00007ff978ba0000 - 0x00007ff978bd9000 	C:\WINDOWS\system32\rsaenh.dll
0x00007ff979240000 - 0x00007ff979273000 	C:\WINDOWS\SYSTEM32\USERENV.dll
0x00007ff979de0000 - 0x00007ff979e0a000 	C:\WINDOWS\SYSTEM32\bcrypt.dll
0x00007ff9793f0000 - 0x00007ff9793fc000 	C:\WINDOWS\SYSTEM32\CRYPTBASE.dll
0x00007ff978620000 - 0x00007ff978652000 	C:\WINDOWS\SYSTEM32\IPHLPAPI.DLL
0x00007ff97b930000 - 0x00007ff97b93a000 	C:\WINDOWS\System32\NSI.dll
0x00007ff934f70000 - 0x00007ff934fb9000 	C:\Users\adjao\AppData\Local\Temp\jna-92665621\jna1257565130122012526.dll
0x00007ff97c590000 - 0x00007ff97c598000 	C:\WINDOWS\System32\PSAPI.DLL
0x00007ff96c9f0000 - 0x00007ff96ca0d000 	C:\WINDOWS\SYSTEM32\dhcpcsvc6.DLL
0x00007ff96c930000 - 0x00007ff96c955000 	C:\WINDOWS\SYSTEM32\dhcpcsvc.DLL
0x00007ff972000000 - 0x00007ff97200e000 	C:\Users\adjao\.vscode\extensions\redhat.java-1.54.0-win32-x64\jre\21.0.10-win32-x86_64\bin\sunmscapi.dll
0x00007ff979fa0000 - 0x00007ff97a118000 	C:\WINDOWS\System32\CRYPT32.dll
0x00007ff9796f0000 - 0x00007ff979720000 	C:\WINDOWS\SYSTEM32\ncrypt.dll
0x00007ff9796a0000 - 0x00007ff9796df000 	C:\WINDOWS\SYSTEM32\NTASN1.dll
0x00007ff978660000 - 0x00007ff978792000 	C:\WINDOWS\SYSTEM32\DNSAPI.dll
0x00007ff966f10000 - 0x00007ff966f1b000 	C:\Windows\System32\rasadhlp.dll
0x00007ff96c960000 - 0x00007ff96c9e6000 	C:\WINDOWS\System32\fwpuclnt.dll
0x00007ff971ff0000 - 0x00007ff971ff9000 	C:\Users\adjao\.vscode\extensions\redhat.java-1.54.0-win32-x64\jre\21.0.10-win32-x86_64\bin\extnet.dll
0x00007ff978d60000 - 0x00007ff978d96000 	C:\WINDOWS\SYSTEM32\ntmarta.dll

JVMTI agents:
c:\Users\adjao\.vscode\extensions\redhat.java-1.54.0-win32-x64\lombok\lombok-1.18.39-4050.jar path:c:\Users\adjao\.vscode\extensions\redhat.java-1.54.0-win32-x64\jre\21.0.10-win32-x86_64\bin\instrument.dll, loaded, initialized, instrumentlib options:none

dbghelp: loaded successfully - version: 4.0.5 - missing functions: none
symbol engine: initialized successfully - sym options: 0x614 - pdb path: .;c:\Users\adjao\.vscode\extensions\redhat.java-1.54.0-win32-x64\jre\21.0.10-win32-x86_64\bin;C:\WINDOWS\SYSTEM32;C:\WINDOWS\WinSxS\amd64_microsoft.windows.common-controls_6595b64144ccf1df_6.0.26100.8457_none_3e0b2faee331e92d;c:\Users\adjao\.vscode\extensions\redhat.java-1.54.0-win32-x64\jre\21.0.10-win32-x86_64\bin\server;C:\Users\adjao\AppData\Roaming\Code\User\globalStorage\redhat.java\1.54.0\config_win\org.eclipse.equinox.launcher\org.eclipse.equinox.launcher.win32.win32.x86_64_1.3.0.v20260203-2149;C:\Users\adjao\AppData\Local\Temp\jna-92665621

VM Arguments:
jvm_args: --add-modules=ALL-SYSTEM --add-opens=java.base/java.util=ALL-UNNAMED --add-opens=java.base/java.lang=ALL-UNNAMED --add-opens=java.base/sun.nio.fs=ALL-UNNAMED -Declipse.application=org.eclipse.jdt.ls.core.id1 -Dosgi.bundles.defaultStartLevel=4 -Declipse.product=org.eclipse.jdt.ls.core.product -Djava.import.generatesMetadataFilesAtProjectRoot=false -DDetectVMInstallationsJob.disabled=true -Dfile.encoding=utf8 -XX:+UseParallelGC -XX:GCTimeRatio=4 -XX:AdaptiveSizePolicyWeight=90 -Dsun.zip.disableMemoryMapping=true -Xmx2G -Xms100m -Xlog:disable -javaagent:c:\Users\adjao\.vscode\extensions\redhat.java-1.54.0-win32-x64\lombok\lombok-1.18.39-4050.jar -XX:+HeapDumpOnOutOfMemoryError -XX:HeapDumpPath=c:\Users\adjao\AppData\Roaming\Code\User\workspaceStorage\3e0c9c44dd191739877dca8f5e5f0b82\redhat.java -Daether.dependencyCollector.impl=bf 
java_command: c:\Users\adjao\.vscode\extensions\redhat.java-1.54.0-win32-x64\server\plugins\org.eclipse.equinox.launcher_1.7.100.v20251111-0406.jar -configuration c:\Users\adjao\AppData\Roaming\Code\User\globalStorage\redhat.java\1.54.0\config_win -data c:\Users\adjao\AppData\Roaming\Code\User\workspaceStorage\3e0c9c44dd191739877dca8f5e5f0b82\redhat.java\jdt_ws --pipe=\\.\pipe\lsp-d37c59015382adf713a640e74813a9d7-sock
java_class_path (initial): c:\Users\adjao\.vscode\extensions\redhat.java-1.54.0-win32-x64\server\plugins\org.eclipse.equinox.launcher_1.7.100.v20251111-0406.jar
Launcher Type: SUN_STANDARD

[Global flags]
    uintx AdaptiveSizePolicyWeight                 = 90                                        {product} {command line}
     intx CICompilerCount                          = 4                                         {product} {ergonomic}
    uintx GCTimeRatio                              = 4                                         {product} {command line}
     bool HeapDumpOnOutOfMemoryError               = true                                   {manageable} {command line}
    ccstr HeapDumpPath                             = c:\Users\adjao\AppData\Roaming\Code\User\workspaceStorage\3e0c9c44dd191739877dca8f5e5f0b82\redhat.java         {manageable} {command line}
   size_t InitialHeapSize                          = 104857600                                 {product} {command line}
   size_t MaxHeapSize                              = 2147483648                                {product} {command line}
   size_t MaxNewSize                               = 715653120                                 {product} {ergonomic}
   size_t MinHeapDeltaBytes                        = 524288                                    {product} {ergonomic}
   size_t MinHeapSize                              = 104857600                                 {product} {command line}
   size_t NewSize                                  = 34603008                                  {product} {ergonomic}
    uintx NonNMethodCodeHeapSize                   = 5839372                                {pd product} {ergonomic}
    uintx NonProfiledCodeHeapSize                  = 122909434                              {pd product} {ergonomic}
   size_t OldSize                                  = 70254592                                  {product} {ergonomic}
    uintx ProfiledCodeHeapSize                     = 122909434                              {pd product} {ergonomic}
    uintx ReservedCodeCacheSize                    = 251658240                              {pd product} {ergonomic}
     bool SegmentedCodeCache                       = true                                      {product} {ergonomic}
   size_t SoftMaxHeapSize                          = 2147483648                             {manageable} {ergonomic}
     bool UseCompressedOops                        = true                           {product lp64_product} {ergonomic}
     bool UseLargePagesIndividualAllocation        = false                                  {pd product} {ergonomic}
     bool UseParallelGC                            = true                                      {product} {command line}

Logging:
Log output configuration:
 #0: stdout all=off uptime,level,tags foldmultilines=false
 #1: stderr all=off uptime,level,tags foldmultilines=false

Release file:
JAVA_VERSION="21.0.10" 
MODULES="java.base java.compiler java.datatransfer java.xml java.prefs java.desktop java.instrument java.logging java.management java.security.sasl java.naming java.rmi java.management.rmi java.net.http java.scripting java.security.jgss java.transaction.xa java.sql java.sql.rowset java.xml.crypto java.se java.smartcardio jdk.accessibility jdk.internal.jvmstat jdk.attach jdk.charsets jdk.internal.opt jdk.zipfs jdk.compiler jdk.crypto.ec jdk.crypto.cryptoki jdk.crypto.mscapi jdk.dynalink jdk.internal.ed jdk.editpad jdk.hotspot.agent jdk.httpserver jdk.internal.le jdk.internal.vm.ci jdk.internal.vm.compiler jdk.internal.vm.compiler.management jdk.jartool jdk.javadoc jdk.jcmd jdk.management jdk.management.agent jdk.jconsole jdk.jdeps jdk.jdwp.agent jdk.jdi jdk.jfr jdk.jshell jdk.jsobject jdk.jstatd jdk.localedata jdk.management.jfr jdk.naming.dns jdk.naming.rmi jdk.net jdk.nio.mapmode jdk.random jdk.sctp jdk.security.auth jdk.security.jgss jdk.unsupported jdk.unsupported.desktop jdk.xml.dom" 

Environment Variables:
PATH=C:\Program Files\Microsoft VS Code;C:\Program Files\Java\jdk-17\bin;C:\Program Files\Common Files\Oracle\Java\javapath;C:\Program Files (x86)\Common Files\Oracle\Java\java8path;C:\Program Files (x86)\Common Files\Oracle\Java\javapath;C:\WINDOWS\system32;C:\WINDOWS;C:\WINDOWS\System32\Wbem;C:\WINDOWS\System32\WindowsPowerShell\v1.0\;C:\WINDOWS\System32\OpenSSH\;C:\Program Files\PuTTY\;C:\Program Files\Git\cmd;C:\Program Files\Microsoft VS Code\bin;C:\Program Files\nodejs\;C:\Program Files\cursor\resources\app\bin;C:\Program Files\Java\jdk-25\bin;C:\ProgramData\chocolatey\bin;C:\gradle-9.1.0-bin\gradle-9.1.0\bin;C:\gradle-9.1.0-bin\gradle-9.1.0;C:\xampp\php\php.exe;C:\xampp\php;C:\ProgramData\ComposerSetup\bin;C:\xammp\php\php.exe;C:\Program Files\Tailscale\;C:\Program Files\Docker\Docker\resources\bin;C:\Program Files\dotnet\;C:\Program Files\apache-maven-3.9.15\bin;C:\Users\adjao\AppData\Local\Programs\Python\Python312\Scripts\;C:\Users\adjao\AppData\Local\Programs\Python\Python312\;C:\Users\adjao\scoop\apps\gcc\current\bin;C:\Users\adjao\scoop\shims;C:\Users\adjao\AppData\Local\Programs\Python\Python314\Scripts\;C:\Users\adjao\AppData\Local\Programs\Python\Python314\;C:\Users\adjao\AppData\Local\Microsoft\WindowsApps;C:\Users\adjao\AppData\Local\spicetify;C:\Program Files\JetBrains\PyCharm 2025.2.3\bin;C:\flutter\flutter\bin;C:\Users\adjao\AppData\Roaming\npm;C:\Users\adjao\AppData\Local\Python\bin;C:\Program Files\Java\latest\jre-1.8\bin;C:\Program Files\Java\jdk-25\bin;C:\gradle-9.1.0-bin\gradle-9.1.0\bin;C:\gradle-9.1.0-bin\gradle-9.1.0;C:\xampp\php\php.exe;C:\xampp\php;C:\Users\adjao\AppData\Roaming\Composer\vendor\bin;C:\xammp\php\php.exe;C:\xammp\php;C:\Users\adjao\AppData\Local\Microsoft\WinGet\Links;C:\Users\adjao\.dotnet\tools;C:\Program Files\apache-maven-3.9.15\bin;
USERNAME=adjao
OS=Windows_NT
PROCESSOR_IDENTIFIER=Intel64 Family 6 Model 142 Stepping 10, GenuineIntel
TMP=C:\Users\adjao\AppData\Local\Temp
TEMP=C:\Users\adjao\AppData\Local\Temp




Periodic native trim disabled

---------------  S Y S T E M  ---------------

OS:
 Windows 11 , 64 bit Build 26100 (10.0.26100.8328)
OS uptime: 8 days 3:04 hours
Hyper-V role detected

CPU: total 8 (initial active 8) (4 cores per cpu, 2 threads per core) family 6 model 142 stepping 10 microcode 0xf6, cx8, cmov, fxsr, ht, mmx, 3dnowpref, sse, sse2, sse3, ssse3, sse4.1, sse4.2, popcnt, lzcnt, tsc, tscinvbit, avx, avx2, aes, erms, clmul, bmi1, bmi2, rtm, adx, fma, vzeroupper, clflush, clflushopt, hv, rdtscp, f16c
Processor Information for the first 8 processors :
  Max Mhz: 1896, Current Mhz: 1696, Mhz Limit: 1687

Memory: 4k page, system-wide physical 16256M (1173M free)
TotalPageFile size 46657M (AvailPageFile size 5M)
current process WorkingSet (physical memory assigned to process): 241M, peak: 499M
current process commit charge ("private bytes"): 617M, peak: 647M

vm_info: OpenJDK 64-Bit Server VM (21.0.10+7-LTS) for windows-amd64 JRE (21.0.10+7-LTS), built on 2026-01-20T00:00:00Z by "admin" with MS VC++ 17.12 (VS2022)

END.
